Last login: Wed Jun 16 23:10:07 on ttys000
chihiro@inouesendainoMacBook-Air ~ % cd ~/Documents/udemiy_code/git_tutorials
cd: no such file or directory: /Users/chihiro/Documents/udemiy_code/git_tutorials
chihiro@inouesendainoMacBook-Air ~ % git status
fatal: not a git repository (or any of the parent directories): .git
chihiro@inouesendainoMacBook-Air ~ % cd ~/Documents/udemiy_code
chihiro@inouesendainoMacBook-Air udemiy_code % git status
fatal: not a git repository (or any of the parent directories): .git
chihiro@inouesendainoMacBook-Air udemiy_code % git status 
fatal: not a git repository (or any of the parent directories): .git
chihiro@inouesendainoMacBook-Air udemiy_code % git status
fatal: not a git repository (or any of the parent directories): .git
chihiro@inouesendainoMacBook-Air udemiy_code % cd ~/Documents/udemiy_code/git_tutorials/index.html
cd: no such file or directory: /Users/chihiro/Documents/udemiy_code/git_tutorials/index.html
chihiro@inouesendainoMacBook-Air udemiy_code % ls -a
.		..		.DS_Store	git_tutorial
chihiro@inouesendainoMacBook-Air udemiy_code % git init
hint: Using 'master' as the name for the initial branch. This default branch name
hint: is subject to change. To configure the initial branch name to use in all
hint: of your new repositories, which will suppress this warning, call:
hint: 
hint: 	git config --global init.defaultBranch <name>
hint: 
hint: Names commonly chosen instead of 'master' are 'main', 'trunk' and
hint: 'development'. The just-created branch can be renamed via this command:
hint: 
hint: 	git branch -m <name>
Initialized empty Git repository in /Users/chihiro/Documents/udemiy_code/.git/
chihiro@inouesendainoMacBook-Air udemiy_code % ls -a
.		..		.DS_Store	.git		git_tutorial
chihiro@inouesendainoMacBook-Air udemiy_code % git status
On branch master

No commits yet

Untracked files:
  (use "git add <file>..." to include in what will be committed)
	.DS_Store
	git_tutorial/

nothing added to commit but untracked files present (use "git add" to track)
chihiro@inouesendainoMacBook-Air udemiy_code % git add index.html
fatal: pathspec 'index.html' did not match any files
chihiro@inouesendainoMacBook-Air udemiy_code % cd ~/Documents/udemiy_code 
chihiro@inouesendainoMacBook-Air udemiy_code % mkdir git_tutorials
chihiro@inouesendainoMacBook-Air udemiy_code % cd git_tutorials
chihiro@inouesendainoMacBook-Air git_tutorials % git init
hint: Using 'master' as the name for the initial branch. This default branch name
hint: is subject to change. To configure the initial branch name to use in all
hint: of your new repositories, which will suppress this warning, call:
hint: 
hint: 	git config --global init.defaultBranch <name>
hint: 
hint: Names commonly chosen instead of 'master' are 'main', 'trunk' and
hint: 'development'. The just-created branch can be renamed via this command:
hint: 
hint: 	git branch -m <name>
Initialized empty Git repository in /Users/chihiro/Documents/udemiy_code/git_tutorials/.git/
chihiro@inouesendainoMacBook-Air git_tutorials % ls -a
.	..	.git
chihiro@inouesendainoMacBook-Air git_tutorials % ls .git/
HEAD		description	info		refs
config		hooks		objects
chihiro@inouesendainoMacBook-Air git_tutorials % git status
On branch master

No commits yet

nothing to commit (create/copy files and use "git add" to track)
chihiro@inouesendainoMacBook-Air git_tutorials % 
